
> frontend@0.1.0 lint
> eslint


C:\Users\LE NOVO\OneDrive\Desktop\ai bot\frontend\src\app\dashboard\page.tsx
  88:22  error  'History' is not defined  react/jsx-no-undef

C:\Users\LE NOVO\OneDrive\Desktop\ai bot\frontend\src\app\interview\[id]\InterviewClient.tsx
   32:43  warning  'interviewId' is defined but never used                                                                                                                                                                                                                                                                                                                                                                                                                                                                                                                                                                                                                                                                                                                                                                                                                                                                                                                                       @typescript-eslint/no-unused-vars
  208:55  error    Error: Cannot call impure function during render

`Math.random` is an impure function. Calling an impure function can produce unstable results that update unpredictably when the component happens to re-render. (https://react.dev/reference/rules/components-and-hooks-must-be-pure#components-and-hooks-must-be-idempotent).

C:\Users\LE NOVO\OneDrive\Desktop\ai bot\frontend\src\app\interview\[id]\InterviewClient.tsx:208:55
  206 |                    className="flex-1 bg-gradient-to-t from-red-500/20 to-red-500 rounded-t-sm"
  207 |                    initial={{ height: '20%' }}
> 208 |                    animate={{ height: `${Math.max(20, Math.random() * 100)}%` }}
      |                                                       ^^^^^^^^^^^^^ Cannot call impure function
  209 |                    transition={{ repeat: Infinity, duration: 1, repeatType: 'reverse', delay: i * 0.1 }}
  210 |                  />
  211 |                ))}  react-hooks/purity

C:\Users\LE NOVO\OneDrive\Desktop\ai bot\frontend\src\app\interview\setup\SetupClient.tsx
   37:72   error  Unexpected any. Specify a different type                                                                                                                                                                                                                                                                                                                                                                                                                                                                                                                                                                                                                                                                                                                                                                                                                                                                                                                                                                                       @typescript-eslint/no-explicit-any
   61:19   error  Unexpected any. Specify a different type                                                                                                                                                                                                                                                                                                                                                                                                                                                                                                                                                                                                                                                                                                                                                                                                                                                                                                                                                                                       @typescript-eslint/no-explicit-any
   74:5    error  Error: Calling setState synchronously within an effect can trigger cascading renders

Effects are intended to synchronize state between React and external systems such as manually updating the DOM, state management libraries, or other platform APIs. In general, the body of an effect should do one or both of the following:
* Update external systems with the latest state from React.
* Subscribe for updates from some external system, calling setState in a callback function when external state changes.

Calling setState synchronously within an effect body causes cascading renders that can hurt performance, and is not recommended. (https://react.dev/learn/you-might-not-need-an-effect).

C:\Users\LE NOVO\OneDrive\Desktop\ai bot\frontend\src\app\interview\setup\SetupClient.tsx:74:5
  72 |
  73 |   useEffect(() => {
> 74 |     requestPermissions()
     |     ^^^^^^^^^^^^^^^^^^ Avoid calling setState() directly within an effect
  75 |
  76 |     return () => {
  77 |       // Cleanup  react-hooks/set-state-in-effect
  148:143  error  'Loader2' is not defined                                                                                                                                                                                                                                                                                                                                                                                                                                                                                                                                                                                                                                                                                                                                                                                                                                                                                                                                                                                                       react/jsx-no-undef
  161:132  error  'Loader2' is not defined                                                                                                                                                                                                                                                                                                                                                                                                                                                                                                                                                                                                                                                                                                                                                                                                                                                                                                                                                                                                       react/jsx-no-undef

C:\Users\LE NOVO\OneDrive\Desktop\ai bot\frontend\src\app\login\page.tsx
  24:19  error  Unexpected any. Specify a different type  @typescript-eslint/no-explicit-any

C:\Users\LE NOVO\OneDrive\Desktop\ai bot\frontend\src\app\profile\ProfileForm.tsx
   8:70  error  Unexpected any. Specify a different type  @typescript-eslint/no-explicit-any
  23:19  error  Unexpected any. Specify a different type  @typescript-eslint/no-explicit-any

C:\Users\LE NOVO\OneDrive\Desktop\ai bot\frontend\src\app\schedule\ScheduleForm.tsx
  29:19  error  Unexpected any. Specify a different type  @typescript-eslint/no-explicit-any

C:\Users\LE NOVO\OneDrive\Desktop\ai bot\frontend\src\components\layout\Sidebar.tsx
  5:41  warning  'History' is defined but never used  @typescript-eslint/no-unused-vars

C:\Users\LE NOVO\OneDrive\Desktop\ai bot\frontend\src\lib\supabase\middleware.ts
  18:48  warning  'options' is defined but never used  @typescript-eslint/no-unused-vars

✖ 14 problems (11 errors, 3 warnings)

